// Jest Snapshot v1, https://goo.gl/fbAQLP

exports[`NewCustomerForm correctly renders the form 1`] = `
<Formik
  enableReinitialize={true}
  history={
    Object {
      "back": [Function],
    }
  }
  initialValues={
    Object {
      "customer": Object {
        "addresses": Array [
          Object {},
        ],
        "emails": Array [
          Object {},
        ],
        "phones": Array [
          Object {},
        ],
      },
      "editMode": false,
    }
  }
  isInitialValid={false}
  mutate={[Function]}
  onSubmit={[Function]}
  render={[Function]}
  shallow={true}
  validate={[Function]}
  validateOnBlur={true}
  validateOnChange={true}
/>
`;
