// Jest Snapshot v1, https://goo.gl/fbAQLP

exports[`CustomersList Ecosystem should render the customers list page 1`] = `
<indexstyles__Main>
  <Apollo(RemoveCustomerButton)
    isCustomerSelected={0}
    onRemove={[Function]}
    selected={Array []}
  />
  <Apollo(CustomersList)
    onSelect={[Function]}
    selectedCustomers={Array []}
  />
</indexstyles__Main>
`;
