// Jest Snapshot v1, https://goo.gl/fbAQLP

exports[`OrdersList should render an order list 1`] = `
<Paper
  circle={false}
  rounded={true}
  style={
    Object {
      "flex": "1 1 0",
      "flexDirection": "column",
      "justifyContent": "center",
      "paddingBottom": "70px",
    }
  }
  transitionEnabled={true}
  zDepth={1}
>
  <InfiniteScroll
    debounce={500}
    emptyList={
      <EmptyList
        descriptionId="ordersWithoutOrders"
        icon="ico_box"
        titleId="ordersEmptyList"
      />
    }
    hasMore={false}
    items={
      Array [
        Object {
          "ciclo": "13/2017",
          "codigoPedido": 311619650,
          "dataPedido": "2017-10-08T22:27:48.000Z",
          "dataPrevisaoEntrega": "2017-10-13T03:00:00.000Z",
          "pontos": 27,
          "status": "CONCLUÍDO E APROVADO",
          "valor": 420.17,
          "valorLucro": 30.99,
        },
        Object {
          "ciclo": "13/2017",
          "codigoPedido": 311619651,
          "dataPedido": "2017-10-08T22:27:48.000Z",
          "dataPrevisaoEntrega": "2017-10-13T03:00:00.000Z",
          "pontos": 27,
          "status": "CONCLUÍDO E APROVADO",
          "valor": 420.17,
          "valorLucro": 30.99,
        },
      ]
    }
    loader={
      <mixins__LoadingWrapperStyle>
        <CircularProgress
          max={100}
          min={0}
          mode="indeterminate"
          size={40}
          thickness={2}
          value={0}
        />
      </mixins__LoadingWrapperStyle>
    }
    loading={false}
    onScroll={[Function]}
  >
    <OrdersListstyles__List>
      <Order
        importing={undefined}
        left={
          Object {
            "body": Object {
              "orderDate": "formatedDate",
              "orderEstimatedDeliveryDate": "formatedDate",
            },
            "header": Object {
              "orderNumber": "#311619650",
            },
          }
        }
        middle={
          Object {
            "body": Object {
              "orderCycle": "13/2017",
              "orderTotalScore": 27,
            },
            "header": Object {
              "orderValue": "formatedNumber 420.17",
            },
          }
        }
        right={
          Object {
            "details": "/my-orders/detail/311619650",
            "status": "CONCLUÍDO E APROVADO",
          }
        }
        statusType="pending"
      />
      <Order
        importing={undefined}
        left={
          Object {
            "body": Object {
              "orderDate": "formatedDate",
              "orderEstimatedDeliveryDate": "formatedDate",
            },
            "header": Object {
              "orderNumber": "#311619651",
            },
          }
        }
        middle={
          Object {
            "body": Object {
              "orderCycle": "13/2017",
              "orderTotalScore": 27,
            },
            "header": Object {
              "orderValue": "formatedNumber 420.17",
            },
          }
        }
        right={
          Object {
            "details": "/my-orders/detail/311619651",
            "status": "CONCLUÍDO E APROVADO",
          }
        }
        statusType="pending"
      />
    </OrdersListstyles__List>
  </InfiniteScroll>
</Paper>
`;
