// Jest Snapshot v1, https://goo.gl/fbAQLP

exports[`CourseContent should render a player with the course content 1`] = `
<div
  class="CourseContentstyles__ContentWrapper-igDuWn eXEIqx"
>
  <div
    class="CourseContentstyles__PlayerWrapper-iRhOUU dfVUkH"
  >
    <iframe
      allowfullscreen=""
      frameborder="0"
      height="270"
      mozallowfullscreen="true"
      src="https://vimeo.com/123456789"
      title=""
      webkitallowfullscreen="true"
      width="480"
    >
      
    </iframe>
  </div>
</div>
`;
