// Jest Snapshot v1, https://goo.gl/fbAQLP

exports[`CourseContent should render a player with the course content 1`] = `
<div
  class="CourseContentstyles__ContentWrapper-igDuWn eXEIqx"
>
  <div
    class="CourseContentstyles__TrainingCourseThumbnail-bxZcq kqcZrn"
  >
    <div
      class="CourseContentstyles__TrainingCourseThumbnailDescriptionWrapper-ggmefD ekgSvK"
    >
      <div
        class="CourseContentstyles__IconWrapper-dLguMV dxEFGG"
      >
        <ico_warning_info.svg>
          
        </ico_warning_info.svg>
      </div>
      <div
        class="CourseContentstyles__TrainingCourseTitle-eVWUpL iscctE"
      >
        Ooops, video não encontrado :(
      </div>
    </div>
  </div>
</div>
`;
