// Jest Snapshot v1, https://goo.gl/fbAQLP

exports[`TrainingMyList Ecosystem should render the training courses list page 1`] = `
<indexstyles__Main>
  <indexstyles__CourseSearchContainer>
    <BaseFormSearch
      description="myTrainingsSearchDescription"
      inputLabel="trainingLabel"
      onSearch={[Function]}
      searchValue={undefined}
      sectionTitle={
        Object {
          "iconName": "ico_graduate_cap",
          "value": "myTrainings",
        }
      }
    />
  </indexstyles__CourseSearchContainer>
  <Apollo(Apollo(TrainingMyList))
    favorite={true}
    onLoadFinished={[Function]}
    user={undefined}
  />
</indexstyles__Main>
`;
