// Jest Snapshot v1, https://goo.gl/fbAQLP

exports[`CustomerSearch Organism should render input and submit button 1`] = `
<Paper
  circle={false}
  rounded={true}
  style={
    Object {
      "padding": 30,
    }
  }
  transitionEnabled={true}
  zDepth={1}
>
  <SectionTitle
    iconName="ico_add_customer"
    value="myCustomers"
  />
  <CustomerSearchstyles__CustomerSearchDescription>
    Preencha o campo abaixo para buscar seus clientes
  </CustomerSearchstyles__CustomerSearchDescription>
  <CustomerSearchstyles__FormWrapper>
    <CustomerSearchstyles__FormInput
      label="Nome"
      name="customerSearch"
      onChange={[Function]}
      onKeyPress={[Function]}
      type="text"
      value=""
    />
    <CustomerSearchstyles__FormButtonWrapper>
      <FormButton
        backgroundColor="#c9c9c9"
        disabled={false}
        flat={true}
        height="54px"
        label="Buscar"
        labelColor="#fff"
        labelStyle={
          Object {
            "fontFamily": "Roboto-Medium",
          }
        }
        link={null}
        onClick={[Function]}
        primary={true}
        type="submit"
      />
    </CustomerSearchstyles__FormButtonWrapper>
  </CustomerSearchstyles__FormWrapper>
</Paper>
`;
