// Jest Snapshot v1, https://goo.gl/fbAQLP

exports[`CurrentMagazine should call additionalInfoOpened when change the screen for mobile show a button for hide options 1`] = `
CurrentMagazine {
  "context": Object {},
  "downloadMagazine": [Function],
  "handleTaxViewMoreClose": [Function],
  "openMagazine": [Function],
  "openTaxViewMore": [Function],
  "props": Object {
    "magazine": Object {},
  },
  "refs": Object {},
  "renderTaxViewMoreActions": [Function],
  "renderTaxViewMoreDialog": [Function],
  "state": Object {
    "additionalInfoOpened": false,
    "taxViewMoreOpened": false,
  },
  "toggleAdditionalInfo": [Function],
  "updater": Updater {
    "_callbacks": Array [],
    "_renderer": ReactShallowRenderer {
      "_context": Object {},
      "_element": <CurrentMagazine
        magazine={Object {}}
/>,
      "_forcedUpdate": false,
      "_instance": [Circular],
      "_newState": Object {
        "additionalInfoOpened": false,
        "taxViewMoreOpened": false,
      },
      "_rendered": <CurrentMagazinestyles__CurrentMagazineWrapper>
        <CurrentMagazinestyles__CurrentMagazineHeader>
                Revista Atual
        </CurrentMagazinestyles__CurrentMagazineHeader>
        <CurrentMagazinestyles__CurrentMagazineInfoWrapper>
                <CurrentMagazinestyles__CurrentMagazineCover>
                        <ImageWithFallback
                                fallbackIcon="ico_pictureless"
                                imageUrl={undefined}
                        />
                </CurrentMagazinestyles__CurrentMagazineCover>
                <CurrentMagazinestyles__CurrentMagazineInfo>
                        <CurrentMagazinestyles__CurrentMagazinePeriod>
                                Ciclo
                                 
                        </CurrentMagazinestyles__CurrentMagazinePeriod>
                        <CurrentMagazinestyles__CurrentMagazineTitle />
                        <CurrentMagazinestyles__CurrentMagazineAdditionalInfo
                                opened={false}
                        >
                                <CurrentMagazinestyles__CurrentMagazineDescription
                                        dangerouslySetInnerHTML={
                                                Object {
                                                        "__html": undefined,
                                                      }
                                        }
                                />
                                <CurrentMagazinestyles__ButtonWrapper>
                                        <FlatButton
                                                disabled={false}
                                                fullWidth={false}
                                                icon={
                                                        <Icon
                                                                file="ico_magazine_download"
                                                        />
                                                }
                                                label="Baixar revista"
                                                labelPosition="after"
                                                labelStyle={Object {}}
                                                onClick={[Function]}
                                                onKeyboardFocus={[Function]}
                                                onMouseEnter={[Function]}
                                                onMouseLeave={[Function]}
                                                onTouchStart={[Function]}
                                                primary={true}
                                                secondary={false}
                                        />
                                        <FlatButton
                                                disabled={false}
                                                fullWidth={false}
                                                icon={
                                                        <Icon
                                                                file="ico_view"
                                                        />
                                                }
                                                label="Ver revista"
                                                labelPosition="after"
                                                labelStyle={Object {}}
                                                onClick={[Function]}
                                                onKeyboardFocus={[Function]}
                                                onMouseEnter={[Function]}
                                                onMouseLeave={[Function]}
                                                onTouchStart={[Function]}
                                                primary={true}
                                                secondary={false}
                                        />
                                </CurrentMagazinestyles__ButtonWrapper>
                                <CurrentMagazinestyles__CurrentMagazineTaxWrapper>
                                        <CurrentMagazinestyles__CurrentMagazineTax>
                                                <CurrentMagazinestyles__CurrentMagazineTaxViewMore
                                                        onClick={[Function]}
                                                >
                                                        Confira aqui
                                                </CurrentMagazinestyles__CurrentMagazineTaxViewMore>
                                                a carga tributária dos produtos Natura.
                                        </CurrentMagazinestyles__CurrentMagazineTax>
                                        <CurrentMagazinestyles__CurrentMagazineTax>
                                                Os valores deste material são apenas sugestões que oferecemos aos Consultores Natura, que são absolutamente livre para revender os produtos pelos valores que melhor lhes atendem
                                        </CurrentMagazinestyles__CurrentMagazineTax>
                                </CurrentMagazinestyles__CurrentMagazineTaxWrapper>
                        </CurrentMagazinestyles__CurrentMagazineAdditionalInfo>
                        <CurrentMagazinestyles__CurrentMagazineSeeMore>
                                <FormButton
                                        backgroundColor="#c9c9c9"
                                        disabled={false}
                                        fullWidth={true}
                                        height="44px"
                                        label="Ver mais"
                                        labelColor="#fff"
                                        link={null}
                                        onClick={[Function]}
                                        primary={true}
                                        raised="true"
                                />
                        </CurrentMagazinestyles__CurrentMagazineSeeMore>
                </CurrentMagazinestyles__CurrentMagazineInfo>
        </CurrentMagazinestyles__CurrentMagazineInfoWrapper>
        <Dialog
                actions={
                        Array [
                                <FlatButton
                                  disabled={false}
                                  fullWidth={false}
                                  label="OK"
                                  labelPosition="after"
                                  labelStyle={Object {}}
                                  onClick={[Function]}
                                  onKeyboardFocus={[Function]}
                                  onMouseEnter={[Function]}
                                  onMouseLeave={[Function]}
                                  onTouchStart={[Function]}
                                  primary={true}
                                  secondary={false}
                        />,
                              ]
                }
                autoDetectWindowHeight={true}
                autoScrollBodyContent={false}
                modal={false}
                onRequestClose={[Function]}
                open={false}
                repositionOnUpdate={true}
                title="Carga tributária"
        >
                <CurrentMagazinestyles__CurrentMagazineTaxItem>
                        <CurrentMagazinestyles__CurrentMagazineHeaderTaxItemDatum>
                                Tipo do produto
                        </CurrentMagazinestyles__CurrentMagazineHeaderTaxItemDatum>
                        <CurrentMagazinestyles__CurrentMagazineHeaderTaxItemDatum>
                                Carga IBPT
                        </CurrentMagazinestyles__CurrentMagazineHeaderTaxItemDatum>
                </CurrentMagazinestyles__CurrentMagazineTaxItem>
                <CurrentMagazinestyles__CurrentMagazineTaxItem>
                        <CurrentMagazinestyles__CurrentMagazineTaxItemDatum>
                                Produtos para barba
                        </CurrentMagazinestyles__CurrentMagazineTaxItemDatum>
                        <CurrentMagazinestyles__CurrentMagazineTaxItemDatum>
                                <FormattedNumber
                                        value={56.48}
                                />
                                %
                        </CurrentMagazinestyles__CurrentMagazineTaxItemDatum>
                </CurrentMagazinestyles__CurrentMagazineTaxItem>
                <CurrentMagazinestyles__CurrentMagazineTaxItem>
                        <CurrentMagazinestyles__CurrentMagazineTaxItemDatum>
                                Produtos para cabelos
                        </CurrentMagazinestyles__CurrentMagazineTaxItemDatum>
                        <CurrentMagazinestyles__CurrentMagazineTaxItemDatum>
                                <FormattedNumber
                                        value={51.33}
                                />
                                %
                        </CurrentMagazinestyles__CurrentMagazineTaxItemDatum>
                </CurrentMagazinestyles__CurrentMagazineTaxItem>
                <CurrentMagazinestyles__CurrentMagazineTaxItem>
                        <CurrentMagazinestyles__CurrentMagazineTaxItemDatum>
                                Produtos para corpo
                        </CurrentMagazinestyles__CurrentMagazineTaxItemDatum>
                        <CurrentMagazinestyles__CurrentMagazineTaxItemDatum>
                                <FormattedNumber
                                        value={47.03}
                                />
                                %
                        </CurrentMagazinestyles__CurrentMagazineTaxItemDatum>
                </CurrentMagazinestyles__CurrentMagazineTaxItem>
                <CurrentMagazinestyles__CurrentMagazineTaxItem>
                        <CurrentMagazinestyles__CurrentMagazineTaxItemDatum>
                                Desodorante colônia
                        </CurrentMagazinestyles__CurrentMagazineTaxItemDatum>
                        <CurrentMagazinestyles__CurrentMagazineTaxItemDatum>
                                <FormattedNumber
                                        value={44.99}
                                />
                                %
                        </CurrentMagazinestyles__CurrentMagazineTaxItemDatum>
                </CurrentMagazinestyles__CurrentMagazineTaxItem>
                <CurrentMagazinestyles__CurrentMagazineTaxItem>
                        <CurrentMagazinestyles__CurrentMagazineTaxItemDatum>
                                Desodorante antitranspirante
                        </CurrentMagazinestyles__CurrentMagazineTaxItemDatum>
                        <CurrentMagazinestyles__CurrentMagazineTaxItemDatum>
                                <FormattedNumber
                                        value={44.99}
                                />
                                %
                        </CurrentMagazinestyles__CurrentMagazineTaxItemDatum>
                </CurrentMagazinestyles__CurrentMagazineTaxItem>
                <CurrentMagazinestyles__CurrentMagazineTaxItem>
                        <CurrentMagazinestyles__CurrentMagazineTaxItemDatum>
                                Produtos de maquiagem
                        </CurrentMagazinestyles__CurrentMagazineTaxItemDatum>
                        <CurrentMagazinestyles__CurrentMagazineTaxItemDatum>
                                <FormattedNumber
                                        value={55.94}
                                />
                                %
                        </CurrentMagazinestyles__CurrentMagazineTaxItemDatum>
                </CurrentMagazinestyles__CurrentMagazineTaxItem>
                <CurrentMagazinestyles__CurrentMagazineTaxItem>
                        <CurrentMagazinestyles__CurrentMagazineTaxItemDatum>
                                Óleos corporais
                        </CurrentMagazinestyles__CurrentMagazineTaxItemDatum>
                        <CurrentMagazinestyles__CurrentMagazineTaxItemDatum>
                                <FormattedNumber
                                        value={45.78}
                                />
                                %
                        </CurrentMagazinestyles__CurrentMagazineTaxItemDatum>
                </CurrentMagazinestyles__CurrentMagazineTaxItem>
                <CurrentMagazinestyles__CurrentMagazineTaxItem>
                        <CurrentMagazinestyles__CurrentMagazineTaxItemDatum>
                                Eau de parfum e água de colônia
                        </CurrentMagazinestyles__CurrentMagazineTaxItemDatum>
                        <CurrentMagazinestyles__CurrentMagazineTaxItemDatum>
                                <FormattedNumber
                                        value={49.16}
                                />
                                %
                        </CurrentMagazinestyles__CurrentMagazineTaxItemDatum>
                </CurrentMagazinestyles__CurrentMagazineTaxItem>
        </Dialog>
</CurrentMagazinestyles__CurrentMagazineWrapper>,
      "_rendering": false,
      "_updater": [Circular],
    },
  },
}
`;
