// Jest Snapshot v1, https://goo.gl/fbAQLP

exports[`Orders should render the orders page 1`] = `
<styled.div>
  <Paper
    circle={false}
    rounded={true}
    style={Object {}}
    transitionEnabled={true}
    zDepth={1}
  >
    <Apollo(OrdersList)
      onLoadFinished={[Function]}
    />
  </Paper>
</styled.div>
`;
