// Jest Snapshot v1, https://goo.gl/fbAQLP

exports[`Training Categories Details renders correctly 1`] = `
<TrainingCategoriesDetailsstyles__TrainingCategoriesDetailsWrapper>
  <CategoryDetailsHeader
    category={
      Object {
        "id": 1,
        "name": "Test",
        "thumbnail": "test.jpg",
      }
    }
  />
  <TrainingCategoriesDetailsstyles__TrainingCategoriesDetailsContentWrapper>
    <TrainingCategoriesDetailsstyles__TitleWrapper>
      <TrainingCategoriesDetailsstyles__CategoryIcon
        alt="Test"
        src="test.jpg"
      />
      <TrainingCategoriesDetailsstyles__Title>
        Test
      </TrainingCategoriesDetailsstyles__Title>
    </TrainingCategoriesDetailsstyles__TitleWrapper>
    <Paper
      circle={false}
      rounded={true}
      style="
      height: '100%',
    "
      transitionEnabled={true}
      zDepth={1}
    />
  </TrainingCategoriesDetailsstyles__TrainingCategoriesDetailsContentWrapper>
</TrainingCategoriesDetailsstyles__TrainingCategoriesDetailsWrapper>
`;
