// Jest Snapshot v1, https://goo.gl/fbAQLP

exports[`Infinite Scroll renders correctly when it is an empty list 1`] = `""`;

exports[`Infinite Scroll renders correctly when it is loading and there is no items 1`] = `
<Loading
  background="transparent"
  visible={true}
  zIndex={9999}
/>
`;

exports[`Infinite Scroll renders correctly when there are items on the list 1`] = `
<div>
  <div>
    Test
  </div>
</div>
`;
