// Jest Snapshot v1, https://goo.gl/fbAQLP

exports[`IndicatorData renderContent method should call renderConsolidatedData method when a indicatorType is given 1`] = `
<IndicatorDatastyles__IndicatorFloatContent>
  <IndicatorDatastyles__IndicatorFloatContentClose
    onClick={[Function]}
  >
    <Icon
      file="ico_times"
    />
  </IndicatorDatastyles__IndicatorFloatContentClose>
  <IndicatorDatastyles__IndicatorDataSortNumber>
    1
  </IndicatorDatastyles__IndicatorDataSortNumber>
</IndicatorDatastyles__IndicatorFloatContent>
`;

exports[`IndicatorData renderContent method should call renderConsolidatedData method when a indicatorType is not given 1`] = `
<IndicatorDatastyles__IndicatorFloatContent>
  <IndicatorDatastyles__IndicatorFloatContentClose
    onClick={[Function]}
  >
    <Icon
      file="ico_times"
    />
  </IndicatorDatastyles__IndicatorFloatContentClose>
  <IndicatorDatastyles__IndicatorDataSortNumber>
    1
  </IndicatorDatastyles__IndicatorDataSortNumber>
</IndicatorDatastyles__IndicatorFloatContent>
`;
