// Jest Snapshot v1, https://goo.gl/fbAQLP

exports[`OrdersList should render an order list 1`] = `
<styled.ul>
  <Order
    color="SUCCESS"
    left={
      Object {
        "body": Object {
          "orderCycle": "03/2015",
          "orderDate": "20/02/2015 16h48 Sex",
          "orderEstimatedDeliveryDate": "23/02/2015",
        },
        "header": Object {
          "orderNumber": "#311619650",
        },
      }
    }
    middle={
      Object {
        "body": Object {
          "orderTotalScore": "100",
        },
        "header": Object {
          "orderValue": "R$ 376,99",
        },
      }
    }
    right={
      Object {
        "details": "my-orders/311619650",
        "status": "CONCLUÍDO E APROVADO",
      }
    }
  />
  <Order
    color="SUCCESS"
    left={
      Object {
        "body": Object {
          "orderCycle": "03/2015",
          "orderDate": "20/02/2015 16h48 Sex",
          "orderEstimatedDeliveryDate": "23/02/2015",
        },
        "header": Object {
          "orderNumber": "#311619651",
        },
      }
    }
    middle={
      Object {
        "body": Object {
          "orderTotalScore": "100",
        },
        "header": Object {
          "orderValue": "R$ 376,99",
        },
      }
    }
    right={
      Object {
        "details": "my-orders/311619651",
        "status": "CONCLUÍDO E APROVADO",
      }
    }
  />
</styled.ul>
`;
