// Jest Snapshot v1, https://goo.gl/fbAQLP

exports[`CourseDescription should render course description and title 1`] = `
<div>
  <Row>
    <Col
      md={12}
      sm={12}
    >
      <CourseDescriptionstyles__TittleWrapper>
        Title
      </CourseDescriptionstyles__TittleWrapper>
    </Col>
  </Row>
  <CourseDescriptionstyles__Divider />
  <Row>
    <Col
      md={12}
      sm={12}
    >
      <CourseDescriptionstyles__DescriptionWrapper>
        Description
      </CourseDescriptionstyles__DescriptionWrapper>
    </Col>
  </Row>
</div>
`;
