// Jest Snapshot v1, https://goo.gl/fbAQLP

exports[`TrainingCoursesList Ecosystem should render the training courses list page 1`] = `
<indexstyles__Main>
  <Apollo(Apollo(withApollo(TrainingCoursesList)))
    courseFilter=""
    onLoadFinished={[Function]}
    onSearch={[Function]}
    user={undefined}
  />
</indexstyles__Main>
`;
