// Jest Snapshot v1, https://goo.gl/fbAQLP

exports[`TrainingCoursesList Ecosystem should render the training courses list page 1`] = `
<indexstyles__Main
  empty={false}
  loading={true}
>
  <indexstyles__CourseSearchContainer>
    <BaseFormSearch
      description="myTrainingsSearchDescription"
      inputLabel="trainingLabel"
      onSearch={[Function]}
      searchValue=""
      sectionTitle={
        Object {
          "iconName": "ico_graduate_cap",
          "value": "myTrainings",
        }
      }
    />
  </indexstyles__CourseSearchContainer>
  <Apollo(Apollo(TrainingCoursesList))
    courseFilter=""
    onLoadFinished={[Function]}
    user={undefined}
  />
</indexstyles__Main>
`;
