// Jest Snapshot v1, https://goo.gl/fbAQLP

exports[`StockAddButton should render a custom floating button with actions 1`] = `
<ActionsFloatingButton
  actions={
    Array [
      Object {
        "icon": "ico_plus",
        "label": "Adicionar novo produto",
        "onClick": [Function],
      },
    ]
  }
/>
`;
