// Jest Snapshot v1, https://goo.gl/fbAQLP

exports[`CourseStartView Ecosystem should render the training course page 1`] = `
<indexstyles__Main>
  <Apollo(Apollo(withRouter(CourseStartView)))
    courseId={1}
    onLoadFinished={[Function]}
    user={
      Object {
        "codigo": 1234,
      }
    }
  />
</indexstyles__Main>
`;
