// Jest Snapshot v1, https://goo.gl/fbAQLP

exports[`CourseViewHeader molecules should render a menu to training page 1`] = `
<CourseViewHeaderstyles__Header>
  <Row>
    <Col
      md={12}
      sm={12}
    >
      <CourseViewHeaderstyles__BackButtonWrapper
        onClick={[Function]}
      >
        <CourseViewHeaderstyles__BackButtonIcon>
          <Icon
            file="ico_back"
          />
        </CourseViewHeaderstyles__BackButtonIcon>
        <CourseViewHeaderstyles__BackButtonText>
          Treinamentos
        </CourseViewHeaderstyles__BackButtonText>
      </CourseViewHeaderstyles__BackButtonWrapper>
    </Col>
  </Row>
</CourseViewHeaderstyles__Header>
`;
