// Jest Snapshot v1, https://goo.gl/fbAQLP

exports[`withAuthErrorHandler HOC should not render the child component when occurs an api auth error 1`] = `
<WrappedComponent
  data={
    Object {
      "error": Object {
        "message": "#REDIRECT_TO_LOGIN#",
      },
    }
  }
/>
`;

exports[`withAuthErrorHandler HOC should render the child component without auth api error 1`] = `
<WrappedComponent
  data={Object {}}
/>
`;
