// Jest Snapshot v1, https://goo.gl/fbAQLP

exports[`CourseRating should render course rating 1`] = `
<CourseRatingstyles__RowWrapper>
  <Row>
    <CourseRatingstyles__ColWrapper>
      <CourseRatingstyles__TittleWrapper>
        Avaliação
      </CourseRatingstyles__TittleWrapper>
      <CourseRatingstyles__RatingWrapper>
        <Rating
          disabled={false}
          iconFilled={
            <ToggleStar
              color="#f3971f"
            />
          }
          iconHovered={
            <ToggleStarBorder
              color="#ff9800"
            />
          }
          iconNormal={
            <ToggleStarBorder
              color="#dddddd"
            />
          }
          itemIconStyle={
            Object {
              "height": "15",
              "width": "15",
            }
          }
          itemStyle={
            Object {
              "height": "15",
              "padding": "0",
              "width": "15",
            }
          }
          max={5}
          readOnly={false}
          tooltipPosition="bottom-center"
          value={4}
        />
      </CourseRatingstyles__RatingWrapper>
    </CourseRatingstyles__ColWrapper>
  </Row>
</CourseRatingstyles__RowWrapper>
`;
