// Jest Snapshot v1, https://goo.gl/fbAQLP

exports[`EmptyOrders should render a empty orders indicator 1`] = `
<EmptyOrdersstyles__Container>
  <EmptyOrdersstyles__IconWrapper>
    <Icon
      file="ico_box"
    />
  </EmptyOrdersstyles__IconWrapper>
  <EmptyOrdersstyles__Title>
    <FormattedMessage
      id="ordersEmptyList"
      values={Object {}}
    />
  </EmptyOrdersstyles__Title>
  <EmptyOrdersstyles__Description>
    <FormattedMessage
      id="ordersWithoutOrders"
      values={Object {}}
    />
  </EmptyOrdersstyles__Description>
</EmptyOrdersstyles__Container>
`;
