// Jest Snapshot v1, https://goo.gl/fbAQLP

exports[`EmptyOrders should render a empty orders indicator 1`] = `
<styled.div>
  <styled.div>
    <Icon
      file="ico_box"
    />
  </styled.div>
  <styled.div>
    <FormattedMessage
      id="ordersEmptyList"
      values={Object {}}
    />
  </styled.div>
  <styled.div>
    <FormattedMessage
      id="ordersWithoutOrders"
      values={Object {}}
    />
  </styled.div>
</styled.div>
`;
