// Jest Snapshot v1, https://goo.gl/fbAQLP

exports[`EmptyOrders should render a empty orders indicator 1`] = `
<styled.div>
  <span>
    Imagem
  </span>
  <FormattedMessage
    id="ordersEmptyList"
    values={Object {}}
  />
  <FormattedMessage
    id="ordersWithoutOrders"
    values={Object {}}
  />
</styled.div>
`;
