// Jest Snapshot v1, https://goo.gl/fbAQLP

exports[`CustomerDetails renders customer details 1`] = `
<CustomerDetailsstyles__Main>
  <Paper
    circle={false}
    rounded={true}
    style={
      Object {
        "marginBottom": "24px",
        "padding": "30px",
      }
    }
    transitionEnabled={true}
    zDepth={1}
  >
    <CustomerDetailsstyles__CustomerDetailsSectionTitleWrapper>
      <SectionTitle
        iconName="ico_info"
        value="customerProfile"
      />
    </CustomerDetailsstyles__CustomerDetailsSectionTitleWrapper>
    <CustomerDetailsstyles__CustomerDetailsData>
      <CustomerDetailsstyles__CustomerAvatarWrapper>
        <Avatar
          size={115}
          style={
            Object {
              "backgroundColor": "#f3971f",
            }
          }
        >
          tv
        </Avatar>
      </CustomerDetailsstyles__CustomerAvatarWrapper>
      <CustomerDetailsstyles__CustomerDataWrapper>
        <CustomerDetailsstyles__CustomerData
          primary={true}
        >
          <CustomerDetailsstyles__CustomerName>
            teste vizir
          </CustomerDetailsstyles__CustomerName>
          <CustomerDatumstyles__CustomerDatumValue>
            fellipe@vizir.com.br
          </CustomerDatumstyles__CustomerDatumValue>
          <CustomerDatumstyles__CustomerDatumValue>
            1133313433
          </CustomerDatumstyles__CustomerDatumValue>
          <CustomerDatumstyles__CustomerDatumValue>
            TIM
          </CustomerDatumstyles__CustomerDatumValue>
        </CustomerDetailsstyles__CustomerData>
        <CustomerDetailsstyles__CustomerData
          secondary={true}
        >
          <CustomerDatum
            label="customerFullName"
            value="teste vizir"
          />
          <CustomerDetailsstyles__CustomerDatumHalfWrapper>
            <CustomerDatum
              label="customerBirthdate"
              value={null}
            />
            <CustomerDatum
              label="customerGender"
              value={null}
            />
          </CustomerDetailsstyles__CustomerDatumHalfWrapper>
        </CustomerDetailsstyles__CustomerData>
        <CustomerDetailsstyles__CustomerData
          secondary={true}
        >
          <CustomerDetailsstyles__CustomerDataTelephones>
            <CustomerDetailsstyles__CustomerDataTitle>
              <FormattedMessage
                id="customerOtherTelephoneNumbers"
                values={Object {}}
              />
            </CustomerDetailsstyles__CustomerDataTitle>
          </CustomerDetailsstyles__CustomerDataTelephones>
          <CustomerDetailsstyles__CustomerDataAddresses>
            <CustomerDetailsstyles__CustomerDataTitle>
              <FormattedMessage
                id="customerAddress"
                values={Object {}}
              />
            </CustomerDetailsstyles__CustomerDataTitle>
            <CustomerDetailsstyles__CustomerDatumAddress
              key="0"
            >
              <CustomerDatumstyles__CustomerDatumValue>
                R WERNER GOLDBERG, 222
              </CustomerDatumstyles__CustomerDatumValue>
              <CustomerDatumstyles__CustomerDatumValue>
                JARDIM TUPANCI - 06414-025
              </CustomerDatumstyles__CustomerDatumValue>
              <CustomerDatumstyles__CustomerDatumValue>
                BARUERI - SP
              </CustomerDatumstyles__CustomerDatumValue>
            </CustomerDetailsstyles__CustomerDatumAddress>
          </CustomerDetailsstyles__CustomerDataAddresses>
        </CustomerDetailsstyles__CustomerData>
        <CustomerDetailsstyles__CustomerData
          secondary={true}
        >
          <CustomerDetailsstyles__CustomerDataTitle>
            <FormattedMessage
              id="customerNotes"
              values={Object {}}
            />
          </CustomerDetailsstyles__CustomerDataTitle>
          <CustomerDatumstyles__CustomerDatumValue />
        </CustomerDetailsstyles__CustomerData>
      </CustomerDetailsstyles__CustomerDataWrapper>
    </CustomerDetailsstyles__CustomerDetailsData>
  </Paper>
</CustomerDetailsstyles__Main>
`;
